                                                                                        SAMN36978221_GC 
 "/mnt/data/bioinfo-estadistica-2/RNAseq_2026/equipos/Equipo3/quality2/salmon/SAMN36978221_GC/quant.sf" 
                                                                                        SAMN36978220_GC 
 "/mnt/data/bioinfo-estadistica-2/RNAseq_2026/equipos/Equipo3/quality2/salmon/SAMN36978220_GC/quant.sf" 
                                                                                        SAMN36978219_GC 
 "/mnt/data/bioinfo-estadistica-2/RNAseq_2026/equipos/Equipo3/quality2/salmon/SAMN36978219_GC/quant.sf" 
                                                                                       SAMN36978218_A1G 
"/mnt/data/bioinfo-estadistica-2/RNAseq_2026/equipos/Equipo3/quality2/salmon/SAMN36978218_A1G/quant.sf" 
                                                                                       SAMN36978217_A1G 
"/mnt/data/bioinfo-estadistica-2/RNAseq_2026/equipos/Equipo3/quality2/salmon/SAMN36978217_A1G/quant.sf" 
                                                                                       SAMN36978216_A1G 
"/mnt/data/bioinfo-estadistica-2/RNAseq_2026/equipos/Equipo3/quality2/salmon/SAMN36978216_A1G/quant.sf" 
                                                                                        SAMN36978215_MG 
 "/mnt/data/bioinfo-estadistica-2/RNAseq_2026/equipos/Equipo3/quality2/salmon/SAMN36978215_MG/quant.sf" 
                                                                                        SAMN36978214_MG 
 "/mnt/data/bioinfo-estadistica-2/RNAseq_2026/equipos/Equipo3/quality2/salmon/SAMN36978214_MG/quant.sf" 
                                                                                        SAMN36978213_MG 
 "/mnt/data/bioinfo-estadistica-2/RNAseq_2026/equipos/Equipo3/quality2/salmon/SAMN36978213_MG/quant.sf" 
[1] "abundance"           "counts"              "length"             
[4] "countsFromAbundance"
[1] 44678
