[1] "SAMN36978221_GC"  "SAMN36978220_GC"  "SAMN36978219_GC"  "SAMN36978218_A1G"
[5] "SAMN36978217_A1G" "SAMN36978216_A1G" "SAMN36978215_MG"  "SAMN36978214_MG" 
[9] "SAMN36978213_MG" 
                 condition
SAMN36978221_GC         GC
SAMN36978220_GC         GC
SAMN36978219_GC         GC
SAMN36978218_A1G       A1G
SAMN36978217_A1G       A1G
SAMN36978216_A1G       A1G
SAMN36978215_MG         MG
SAMN36978214_MG         MG
SAMN36978213_MG         MG
class: DESeqDataSet 
dim: 44678 9 
metadata(1): version
assays(2): counts avgTxLength
rownames(44678): ENSMUSG00000000001 ENSMUSG00000000003 ...
  ENSMUSG00000107390 ENSMUSG00000107392
rowData names(0):
colnames(9): SAMN36978221_GC SAMN36978220_GC ... SAMN36978214_MG
  SAMN36978213_MG
colData names(1): condition
[1] 44678     9
                   SAMN36978221_GC SAMN36978220_GC SAMN36978219_GC
ENSMUSG00000000001       25.660122       31.451176       39.844493
ENSMUSG00000000003        0.000000        0.000000        0.000000
ENSMUSG00000000028        0.851587        0.784654        0.453493
ENSMUSG00000000031        0.078759        0.463239        0.424260
ENSMUSG00000000037        0.000000        0.000000        0.000000
ENSMUSG00000000049     1419.565398     1521.725042     1642.343057
                   SAMN36978218_A1G SAMN36978217_A1G SAMN36978216_A1G
ENSMUSG00000000001        43.831256        43.393272        41.895588
ENSMUSG00000000003         0.000000         0.000000         0.000000
ENSMUSG00000000028         1.080582         1.330168         1.271461
ENSMUSG00000000031         0.059219         0.792479         0.188045
ENSMUSG00000000037         0.000000         0.000000         0.000000
ENSMUSG00000000049      1911.628987      1983.178935      2057.438266
                   SAMN36978215_MG SAMN36978214_MG SAMN36978213_MG
ENSMUSG00000000001       47.904391       43.504437       47.541494
ENSMUSG00000000003        0.000000        0.000000        0.000000
ENSMUSG00000000028        0.965109        0.983096        1.052144
ENSMUSG00000000031        0.117294        0.081121        0.253823
ENSMUSG00000000037        0.000000        0.000000        0.000000
ENSMUSG00000000049     2561.006908     2636.631007     2633.474646
[1] 44678     9
                   SAMN36978221_GC SAMN36978220_GC SAMN36978219_GC
ENSMUSG00000000001       10.481720       10.525545       10.690806
ENSMUSG00000000003        0.000000        0.000000        0.000000
ENSMUSG00000000028        4.622408        4.559445        4.446676
ENSMUSG00000000031        2.274476        2.375600        2.350217
                   SAMN36978218_A1G
ENSMUSG00000000001        10.664699
ENSMUSG00000000003         0.000000
ENSMUSG00000000028         4.590273
ENSMUSG00000000031         2.250745
[1] 19736     9
null device 
          1 
null device 
          1 
[1] "SAMN36978221_GC"  "SAMN36978220_GC"  "SAMN36978219_GC"  "SAMN36978218_A1G"
[5] "SAMN36978217_A1G" "SAMN36978216_A1G" "SAMN36978215_MG"  "SAMN36978214_MG" 
[9] "SAMN36978213_MG" 
null device 
          1 
NULL
null device 
          1 
null device 
          1 

=== Corriendo analisis de expresion diferencial ===
Coeficientes disponibles:
[1] "Intercept"           "condition_A1G_vs_GC" "condition_MG_vs_GC" 

Calculando: A1G vs GC

out of 19736 with nonzero total read count
adjusted p-value < 0.1
LFC > 0 (up)       : 244, 1.2%
LFC < 0 (down)     : 308, 1.6%
outliers [1]       : 16, 0.081%
low counts [2]     : 6429, 33%
(mean count < 5)
[1] see 'cooksCutoff' argument of ?results
[2] see 'independentFiltering' argument of ?results


Calculando: MG vs GC

out of 19736 with nonzero total read count
adjusted p-value < 0.1
LFC > 0 (up)       : 454, 2.3%
LFC < 0 (down)     : 584, 3%
outliers [1]       : 16, 0.081%
low counts [2]     : 6429, 33%
(mean count < 5)
[1] see 'cooksCutoff' argument of ?results
[2] see 'independentFiltering' argument of ?results


Calculando: MG vs A1G

out of 19736 with nonzero total read count
adjusted p-value < 0.1
LFC > 0 (up)       : 106, 0.54%
LFC < 0 (down)     : 113, 0.57%
outliers [1]       : 16, 0.081%
low counts [2]     : 6429, 33%
(mean count < 5)
[1] see 'cooksCutoff' argument of ?results
[2] see 'independentFiltering' argument of ?results


A1G vs GC: 21 genes significativos (padj<0.05, |LFC|=>2)

MG vs GC: 66 genes significativos (padj<0.05, |LFC|=>2)

MG vs A1G: 3 genes significativos (padj<0.05, |LFC|=>2)

=== Analisis de expresion diferencial completado ===
